{
    "test-data - NA12878.chr22.bam": {
        "content": [
            {
                "0": [
                    [
                        {
                            "id": "NA12878_chr22"
                        },
                        "NA12878_chr22.samclip.sam:md5,60a34f27ad09b38f457ade7ecc541692"
                    ]
                ],
                "1": [
                    "versions.yml:md5,535a0e68abc046e4aaefd32066af2119"
                ],
                "sam": [
                    [
                        {
                            "id": "NA12878_chr22"
                        },
                        "NA12878_chr22.samclip.sam:md5,60a34f27ad09b38f457ade7ecc541692"
                    ]
                ],
                "versions": [
                    "versions.yml:md5,535a0e68abc046e4aaefd32066af2119"
                ]
            }
        ],
        "meta": {
            "nf-test": "0.9.2",
            "nextflow": "25.04.6"
        },
        "timestamp": "2025-09-04T12:47:41.222016"
    },
    "test-data - NA12878.chr22.bam - stub": {
        "content": [
            {
                "0": [
                    [
                        {
                            "id": "NA12878_chr22"
                        },
                        "NA12878_chr22.samclip.sam:md5,d41d8cd98f00b204e9800998ecf8427e"
                    ]
                ],
                "1": [
                    "versions.yml:md5,535a0e68abc046e4aaefd32066af2119"
                ],
                "sam": [
                    [
                        {
                            "id": "NA12878_chr22"
                        },
                        "NA12878_chr22.samclip.sam:md5,d41d8cd98f00b204e9800998ecf8427e"
                    ]
                ],
                "versions": [
                    "versions.yml:md5,535a0e68abc046e4aaefd32066af2119"
                ]
            },
            [
                {
                    "SAMCLIP": {
                        "samclip": "0.4.0"
                    }
                }
            ]
        ],
        "meta": {
            "nf-test": "0.9.2",
            "nextflow": "25.04.6"
        },
        "timestamp": "2025-09-04T12:47:52.121328"
    }
}